errors1 = gini; errors2 = entropy;
rows = n_estimators; cols = max_depth;

>>> errors1
array([[0.38770686, 0.5070922 , 0.58392435, 0.60047281, 0.59929078],     
       [0.43262411, 0.72813239, 0.77186761, 0.76122931, 0.78250591],     
       [0.43617021, 0.70094563, 0.76950355, 0.76832151, 0.75768322],     
       [0.42553191, 0.71513002, 0.76950355, 0.76359338, 0.75768322],     
       [0.43144208, 0.72104019, 0.77068558, 0.74940898, 0.75886525],     
       [0.43853428, 0.70567376, 0.76950355, 0.79196217, 0.75650118],     
       [0.42907801, 0.73049645, 0.76713948, 0.78132388, 0.78014184],     
       [0.43026005, 0.72931442, 0.76004728, 0.75059102, 0.75650118],     
>>> errors2
array([[0.40780142, 0.5035461 , 0.62293144, 0.61347518, 0.60992908],     
       [0.42316785, 0.73404255, 0.78014184, 0.76832151, 0.78132388],     
       [0.42553191, 0.73286052, 0.77541371, 0.76832151, 0.75886525],     
       [0.42316785, 0.73995272, 0.76950355, 0.76595745, 0.75886525],     
       [0.41843972, 0.72576832, 0.77659574, 0.75413712, 0.76950355],     
       [0.43498818, 0.73522459, 0.76595745, 0.78250591, 0.75768322],     
       [0.42789598, 0.73758865, 0.77304965, 0.77541371, 0.76832151],     
       [0.43144208, 0.75531915, 0.77659574, 0.77304965, 0.78250591],     
       [0.43144208, 0.73522459, 0.75059102, 0.76241135, 0.75413712],     
       [0.42907801, 0.73522459, 0.78132388, 0.80496454, 0.75886525]])

>>> for i in range(5):
...     np.mean(errors1[:,i])
...
0.42765957446808517
0.6994089834515366
0.7508274231678487
0.7549645390070923
0.7485815602836878
>>> for i in range(10):
...     np.mean(errors1[i,:])
...
0.5356973995271868
0.6952718676122932
0.6865248226950355
0.6862884160756502
0.68628841607565
0.692434988179669
0.6976359338061465
0.6962174940898345
0.6853427895981088
0.7011820330969266

>>> for i in range(5):
...     np.mean(errors2[:,i])
...
0.4252955082742317
0.7134751773049646
0.757210401891253
0.756855791962175
0.7499999999999999
>>> for i in range(10):
...     np.mean(errors2[i,:])
...
0.5515366430260048
0.6973995271867611
0.6921985815602836
0.6914893617021277
0.6888888888888889
0.6952718676122932
0.6964539007092199
0.7037825059101654
0.6867612293144207
0.7018912529550827

>>> np.mean(errors1)
0.67628841607565
>>> np.mean(errors1[1:,1:])
0.7568623588127135
>>> np.mean(errors2)
0.6805673758865249
>>> np.mean(errors2[1:,1:])
0.7618203309692672